[multifix-link.com/en/index.html]
[backblue.gif]
[fade.gif]
[index.html]
[multifix-link.com/en/assets/css/nicepage.css]
[multifix-link.com/en/assets/css/blockchain-node.css]
[multifix-link.com/en/assets/js/jquery.js]
[multifix-link.com/en/assets/js/nicepage.js]
[multifix-link.com/en/assets/images/favicon.png]
[multifix-link.com/en/blockchain-node.html]
[multifix-link.com/en/assets/images/logo.png]
[widgets.coingecko.com/coingecko-coin-price-marquee-widget.js]
[multifix-link.com/en/connect/index.html]
[s3.tradingview.com/external-embedding/embed-widget-screener.js]
[multifix-link.com/en/assets/images/Telegram-Logo.png]
[multifix-link.com/en/index.html]
[multifix-link.com/en/assets/css/nicepage.css]
[multifix-link.com/en/assets/css/blockchain-node.css]
[multifix-link.com/en/blockchain-node.html]
[multifix-link.com/cdn-cgi/scripts/5c5dd728/cloudflare-static/email-decode.min.js]
[multifix-link.com/en/connect/assets/css/nicepage.css]
[multifix-link.com/en/connect/assets/css/wallets.css]
[multifix-link.com/en/connect/assets/js/jquery.js]
[multifix-link.com/en/connect/assets/js/nicepage.js]
[multifix-link.com/en/connect/assets/images/favicon.png]
[multifix-link.com/en/connect/assets/images/logo.png]
[multifix-link.com/en/connect/assets/images/meta.png]
[multifix-link.com/en/connect/assets/images/trust.svg]
[multifix-link.com/en/connect/assets/images/safepal.png]
[multifix-link.com/en/connect/assets/images/ledger.png]
[multifix-link.com/en/connect/assets/images/math.png]
[multifix-link.com/en/connect/assets/images/coin98.png]
[multifix-link.com/en/connect/assets/images/phantom.html]
[multifix-link.com/en/connect/assets/images/sollet.jpg]
[multifix-link.com/en/connect/assets/images/solflare.png]
[multifix-link.com/en/connect/assets/images/trezor.jpg]
[multifix-link.com/en/connect/assets/images/terra.png]
[multifix-link.com/en/connect/assets/images/imtoken.jpg]
[multifix-link.com/en/connect/assets/images/tron-trx-logo1.png]
[multifix-link.com/en/connect/assets/images/Zilliqa-ZIL-icon1.png]
[multifix-link.com/en/connect/assets/images/fantom-ftm-logo1.png]
[multifix-link.com/en/connect/assets/images/moonlet.jpg]
[multifix-link.com/en/connect/assets/images/bitkeep.png]
[multifix-link.com/en/connect/assets/images/avalanche-avax-logo1.png]
[multifix-link.com/en/connect/assets/images/tokenocket.html]
[multifix-link.com/en/connect/assets/images/guarda.jpg]
[multifix-link.com/en/connect/assets/images/tezos1.png]
[multifix-link.com/en/connect/assets/images/harmony1.png]
[multifix-link.com/en/connect/assets/images/algo1.png]
[multifix-link.com/en/connect/assets/images/cbase.png]
[multifix-link.com/en/connect/assets/images/CRYOT.COM.jpg]
[multifix-link.com/en/connect/assets/images/MEW.html]
[multifix-link.com/en/connect/assets/images/TOKENPOKET.html]
[multifix-link.com/en/connect/assets/images/Polkadot_symbol_color.png]
[multifix-link.com/en/connect/assets/images/EXODUS.png]
[multifix-link.com/en/connect/assets/images/COINOMI.png]
[multifix-link.com/en/connect/assets/images/bnb.png]
[multifix-link.com/en/connect/assets/images/atom.png]
[multifix-link.com/en/connect/assets/images/GNOSIS.png]
[multifix-link.com/en/connect/assets/images/LIVE.png]
[multifix-link.com/en/connect/assets/images/HUOBI.png]
[multifix-link.com/en/connect/assets/images/WC.jpg]
[multifix-link.com/en/connect/assets/images/Telegram-Logo.png]
[multifix-link.com/en/connect/index.html]
[multifix-link.com/en/connect/assets/css/nicepage.css]
[multifix-link.com/en/connect/assets/css/wallets.css]
[multifix-link.com/en/connect/assets/images/trust.svg]
[multifix-link.com/en/connect/assets/images/phantom.html]
[multifix-link.com/en/connect/assets/images/tokenocket.html]
[multifix-link.com/en/connect/assets/images/MEW.html]
[multifix-link.com/en/connect/assets/images/TOKENPOKET.html]
